[www.fighttinnitusnow.com/lps/pre-s/t911ftn01a2e20.html]
[backblue.gif]
[fade.gif]
[index.html]
[www.fighttinnitusnow.com/lps/pre-s/t911ftn01a2e20.html]
[www.google-analytics.com/analytics.js]
[maxcdn.bootstrapcdn.com/bootstrap/3.3.5/js/bootstrap.min.js]
[fonts.gstatic.com/s/cabin/v18/u-4X0qWljRw-PfU81xCKCpdpbgZJl6XFpfEd7eA9BIxxkV2EH7alwg.b.delayed]
[fonts.gstatic.com/s/cabin/v18/u-4X0qWljRw-PfU81xCKCpdpbgZJl6XFpfEd7eA9BIxxkYODH7alwg.ttf]
[fonts.gstatic.com/s/cabin/v18/u-4X0qWljRw-PfU81xCKCpdpbgZJl6XFpfEd7eA9BIxxkbqDH7alwg.ttf]
[fonts.gstatic.com/s/lato/v17/S6uyw4BMUTPHjx4wWw.ttf]
[fonts.googleapis.com/css.5d719.delayed]
[fonts.gstatic.com/s/lato/v17/S6u9w4BMUTPHh6UVSwiPHA.ttf]
[fonts.gstatic.com/s/raleway/v19/1Ptxg8zYS_SKggPN4iEgvnHyvveLxVuEorCIPrQ.ttf]
[fonts.gstatic.com/s/raleway/v19/1Ptxg8zYS_SKggPN4iEgvnHyvveLxVvaorCIPrQ.ttf]
[fonts.gstatic.com/s/raleway/v19/1Ptxg8zYS_SKggPN4iEgvnHyvveLxVs9pbCIPrQ.ttf]
[fonts.googleapis.com/cssa900.css]
[maxcdn.bootstrapcdn.com/bootstrap/3.3.5/css/bootstrap.min.css]
[maxcdn.bootstrapcdn.com/bootstrap/3.3.5/css/bootstrap-theme.min.css]
[maxcdn.bootstrapcdn.com/font-awesome/4.4.0/css/font-awesome.min.css]
[fonts.gstatic.com/s/raleway/v19/1Ptxg8zYS_SKggPN4iEgvnHyvveLxVtapbCIPrQ.ttf]
